node.exe : PASS 
tests/claim.test.js
At C:\Program Files\nod
ejs\npx.ps1:29 char:3
+   & $NODE_EXE 
$NPX_CLI_JS $args
+   ~~~~~~~~~~~~~~~~~~~
~~~~~~~~~~
    + CategoryInfo     
         : NotSpecifi  
  ed: (PASS tests/cl   
 aim.test.js:String    
) [], RemoteExcept    
ion
    + FullyQualifiedEr 
   rorId : NativeComm  
  andError
 
PASS tests/auth.test.js
  ΓùÅ Console

    console.log
      [dotenv@17.3.1] 
injecting env (4) from 
.env -- tip: ≡ƒ¢á∩╕Å  
run anywhere with 
`dotenvx run -- 
yourcommand`

      at _log (node_mod
ules/dotenv/lib/main.js
:139:11)

FAIL 
tests/policy.test.js
  ΓùÅ Console

    console.log
      [dotenv@17.3.1] 
injecting env (4) from 
.env -- tip: ≡ƒöÉ 
prevent building .env 
in docker: https://dote
nvx.com/prebuild

      at _log (node_mod
ules/dotenv/lib/main.js
:139:11)

    console.log
      [dotenv@17.3.1] 
injecting env (0) from 
.env -- tip: ΓÜÖ∩╕Å  
write to custom object 
with { processEnv: 
myObject }

      at _log (node_mod
ules/dotenv/lib/main.js
:139:11)

    console.log
      
[31m'error'[39m: 
Cannot set property 
query of [object 
Object] which has only 
a getter {"service":"in
surance-management-back
end","stack":"TypeError
: Cannot set property 
query of [object 
Object] which has only 
a getter\n    at D:\\in
suranceManagement-backe
ndSystem\\node_modules\
\express-mongo-sanitize
\\index.js:113:18\n    
at Array.forEach 
(<anonymous>)\n    at D
:\\insuranceManagement-
backendSystem\\node_mod
ules\\express-mongo-san
itize\\index.js:110:44\
n    at 
Layer.handleRequest (D:
\\insuranceManagement-b
ackendSystem\\node_modu
les\\router\\lib\\layer
.js:152:17)\n    at 
trimPrefix (D:\\insuran
ceManagement-backendSys
tem\\node_modules\\rout
er\\index.js:342:13)\n 
   at D:\\insuranceMana
gement-backendSystem\\n
ode_modules\\router\\in
dex.js:297:9\n    at 
processParams (D:\\insu
ranceManagement-backend
System\\node_modules\\r
outer\\index.js:582:12)
\n    at next (D:\\insu
ranceManagement-backend
System\\node_modules\\r
outer\\index.js:291:5)\
n    at D:\\insuranceMa
nagement-backendSystem\
\node_modules\\express-
rate-limit\\dist\\index
.cjs:942:7\n    at proc
essTicksAndRejections (
node:internal/process/t
ask_queues:105:5)\n    
at D:\\insuranceManagem
ent-backendSystem\\node
_modules\\express-rate-
limit\\dist\\index.cjs:
825:5","timestamp":"202
6-02-23 10:52:06"}

      at Console.log (n
ode_modules/winston/lib
/winston/transports/con
sole.js:87:23)

    console.log
      
[31m'error'[39m: 
Cannot set property 
query of [object 
Object] which has only 
a getter {"service":"in
surance-management-back
end","stack":"TypeError
: Cannot set property 
query of [object 
Object] which has only 
a getter\n    at D:\\in
suranceManagement-backe
ndSystem\\node_modules\
\express-mongo-sanitize
\\index.js:113:18\n    
at Array.forEach 
(<anonymous>)\n    at D
:\\insuranceManagement-
backendSystem\\node_mod
ules\\express-mongo-san
itize\\index.js:110:44\
n    at 
Layer.handleRequest (D:
\\insuranceManagement-b
ackendSystem\\node_modu
les\\router\\lib\\layer
.js:152:17)\n    at 
trimPrefix (D:\\insuran
ceManagement-backendSys
tem\\node_modules\\rout
er\\index.js:342:13)\n 
   at D:\\insuranceMana
gement-backendSystem\\n
ode_modules\\router\\in
dex.js:297:9\n    at 
processParams (D:\\insu
ranceManagement-backend
System\\node_modules\\r
outer\\index.js:582:12)
\n    at next (D:\\insu
ranceManagement-backend
System\\node_modules\\r
outer\\index.js:291:5)\
n    at D:\\insuranceMa
nagement-backendSystem\
\node_modules\\express-
rate-limit\\dist\\index
.cjs:942:7\n    at proc
essTicksAndRejections (
node:internal/process/t
ask_queues:105:5)\n    
at D:\\insuranceManagem
ent-backendSystem\\node
_modules\\express-rate-
limit\\dist\\index.cjs:
825:5","timestamp":"202
6-02-23 10:52:06"}

      at Console.log (n
ode_modules/winston/lib
/winston/transports/con
sole.js:87:23)

    console.log
      
[31m'error'[39m: 
Cannot set property 
query of [object 
Object] which has only 
a getter {"service":"in
surance-management-back
end","stack":"TypeError
: Cannot set property 
query of [object 
Object] which has only 
a getter\n    at D:\\in
suranceManagement-backe
ndSystem\\node_modules\
\express-mongo-sanitize
\\index.js:113:18\n    
at Array.forEach 
(<anonymous>)\n    at D
:\\insuranceManagement-
backendSystem\\node_mod
ules\\express-mongo-san
itize\\index.js:110:44\
n    at 
Layer.handleRequest (D:
\\insuranceManagement-b
ackendSystem\\node_modu
les\\router\\lib\\layer
.js:152:17)\n    at 
trimPrefix (D:\\insuran
ceManagement-backendSys
tem\\node_modules\\rout
er\\index.js:342:13)\n 
   at D:\\insuranceMana
gement-backendSystem\\n
ode_modules\\router\\in
dex.js:297:9\n    at 
processParams (D:\\insu
ranceManagement-backend
System\\node_modules\\r
outer\\index.js:582:12)
\n    at next (D:\\insu
ranceManagement-backend
System\\node_modules\\r
outer\\index.js:291:5)\
n    at D:\\insuranceMa
nagement-backendSystem\
\node_modules\\express-
rate-limit\\dist\\index
.cjs:942:7\n    at proc
essTicksAndRejections (
node:internal/process/t
ask_queues:105:5)\n    
at D:\\insuranceManagem
ent-backendSystem\\node
_modules\\express-rate-
limit\\dist\\index.cjs:
825:5","timestamp":"202
6-02-23 10:52:06"}

      at Console.log (n
ode_modules/winston/lib
/winston/transports/con
sole.js:87:23)

  ΓùÅ Policy 
Integration API ΓÇ║ 
POST /api/v1/policies 
ΓÇ║ should 
successfully create a 
policy when called by 
an admin

    expect(received).to
Be(expected) // 
Object.is equality

    Expected: 201
    Received: 500

    [0m [90m 51 
|[39m
     [90m 52 |[39m   
          [90m// 
Assertions[39m
    [31m[1m>[22m[39
m[90m 53 |[39m       
      expect(response[
33m.[39mstatus)[33m.
[39mtoBe([35m201[39m)
[33m;[39m
     [90m    |[39m   
                       
           
[31m[1m^[22m[39m
     [90m 54 |[39m   
          expect(respon
se[33m.[39mbody[33m.
[39msuccess)[33m.[39
mtoBe([36mtrue[39m)[
33m;[39m
     [90m 55 |[39m   
          expect(respon
se[33m.[39mbody[33m.
[39mmessage)[33m.[39
mtoBe([32m'Policy 
created successfully'[
39m)[33m;[39m
     [90m 56 |[39m   
          expect(respon
se[33m.[39mbody[33m.
[39mdata[33m.[39mpol
icyNumber)[33m.[39mto
Be([32m'POL-12345'[39
m)[33m;[39m[0m

      at Object.toBe (t
ests/policy.test.js:53:
37)

  ΓùÅ Policy 
Integration API ΓÇ║ 
POST /api/v1/policies 
ΓÇ║ should return 401 
if no token provided

    expect(received).to
Be(expected) // 
Object.is equality

    Expected: 401
    Received: 500

    [0m [90m 66 
|[39m                 
[33m.[39msend({})[33
m;[39m
     [90m 67 |[39m
    [31m[1m>[22m[39
m[90m 68 |[39m       
      expect(response[
33m.[39mstatus)[33m.
[39mtoBe([35m401[39m)
[33m;[39m
     [90m    |[39m   
                       
           
[31m[1m^[22m[39m
     [90m 69 |[39m   
          expect(respon
se[33m.[39mbody[33m.
[39msuccess)[33m.[39
mtoBe([36mfalse[39m)
[33m;[39m
     [90m 70 |[39m   
          expect(respon
se[33m.[39mbody[33m.
[39mmessage)[33m.[39
mtoBe([32m'Not authori
zed'[39m)[33m;[39m
     [90m 71 |[39m   
      })[33m;[39m[0m

      at Object.toBe (t
ests/policy.test.js:68:
37)

  ΓùÅ Policy 
Integration API ΓÇ║ 
POST /api/v1/policies 
ΓÇ║ should return 403 
if user is a standard 
customer

    expect(received).to
Be(expected) // 
Object.is equality

    Expected: 403
    Received: 500

    [0m [90m 83 
|[39m                 
[33m.[39msend({})[33
m;[39m [90m// 
Payload doesn't 
matter, auth triggers 
first[39m
     [90m 84 |[39m
    [31m[1m>[22m[39
m[90m 85 |[39m       
      expect(response[
33m.[39mstatus)[33m.
[39mtoBe([35m403[39m)
[33m;[39m
     [90m    |[39m   
                       
           
[31m[1m^[22m[39m
     [90m 86 |[39m   
          expect(respon
se[33m.[39mbody[33m.
[39msuccess)[33m.[39
mtoBe([36mfalse[39m)
[33m;[39m
     [90m 87 |[39m   
          expect(respon
se[33m.[39mbody[33m.
[39mmessage)[33m.[39
mtoContain([32m'is 
not authorized'[39m)[
33m;[39m
     [90m 88 |[39m   
      })[33m;[39m[0m

      at Object.toBe (t
ests/policy.test.js:85:
37)

Test Suites: 1 failed, 
2 passed, 3 total
Tests:       3 failed, 
3 passed, 6 total
Snapshots:   0 total
Time:        5.675 s
Ran all test suites.
